     
    
   PASS  Tests\Unit\ExampleTest
  Γ£ô that true is tΓÇª 0.01s  
     
    
   PASS  Tests\Feature\ExampleTest
  Γ£ô the applicatioΓÇª 0.45s  

  Tests:    2 passed (2 assertions)
  Duration: 0.65s

